Problem #1: 1+1 =
Problem #2: 2+3 =
Problem #3: 13+17 =
You scored 0 out of 3.
