Problem #1: 1+1 =
Problem #2: is this a valid question? =
Problem #3: one more? =
You scored 2 out of 3.
