Problem #1: 5+5 = Problem #2: 1+1 = Problem #3: 8+3 = Problem #4: 1+2 = Problem #5: 8+6 = Problem #6: 3+1 = Problem #7: 1+4 = Problem #8: 5+1 = Problem #9: 2+3 = Problem #10: 3+3 = Problem #11: 2+4 = Problem #12: 5+2 = You scored 0 out of 12.
