Invalid file format: incorrect number of columns in index 0
exit status 1
