Failed to open file 'unknown_file.csv'
exit status 1
